// Jest Snapshot v1, https://goo.gl/fbAQLP

exports[`renders correctly 1`] = `
<div
  className="repo"
  onClick={[Function]}
>
  <h3>
    accessible-google-places-autocomplete
  </h3>
  <p />
  <dl>
    <dt>
      Language
    </dt>
    <dd>
      TypeScript
    </dd>
    <dt>
      Fork count
    </dt>
    <dd>
      3
    </dd>
  </dl>
</div>
`;
