// Jest Snapshot v1, https://goo.gl/fbAQLP

exports[`Create Commits Table TR w/ (Date, Author, Message) 1`] = `
<tr>
  <td>
    2018-10-24T18:50:13Z
  </td>
  <td>
    Michael Gauthier
  </td>
  <td>
    Merge pull request #1 from nburka/gauthierm-l10n\\n\\nbetter padding on language controls
  </td>
</tr>
`;
